Nothing=Nothing
Just(1.,"abc")=Just(1.,"abc")
Nothing=Nothing
Just(1.)=Just(1.)
sin <$> Just 1.=Just(0.841470984808)=Just(0.841470984808) (equals)
sin <$> Nothing=Nothing=Nothing (equals)
string_of_int <$> Just 1=Just("1")=Just("1") (equals)
string_of_int <$> Nothing=Nothing=Nothing (equals)
safe_sqrt 2.=Just(1.41421356237)=Just(1.41421356237) (equals)
safe_sqrt 0.=Just(0.)=Just(0.) (equals)
safe_sqrt -2.=Nothing=Nothing (equals)
safe_log 2.=Just(0.69314718056)=Just(0.69314718056) (equals)
safe_log 0.=Nothing=Nothing (equals)
safe_log -2.=Nothing=Nothing (equals)
Just 2. >>= safe_sqrt=Just(1.41421356237)=Just(1.41421356237) (equals)
Just 0. >>= safe_sqrt=Just(0.)=Just(0.) (equals)
Nohing >>= safe_sqrt=Nothing=Nothing (equals)
Just 2. >>= safe_sqrt >>= safe_log=Just(0.34657359028)=Just(0.34657359028) (equals)
Just -2. >>= safe_sqrt >>= safe_log=Nothing=Nothing (equals)
Just 0. >>= safe_sqrt >>= safe_log=Nothing=Nothing (equals)
(safe_sqrt 2.) >>= safe_log=Just(0.34657359028)=Just(0.34657359028) (equals)
(safe_sqrt -2.) >>= safe_log=Nothing=Nothing (equals)
(safe_sqrt 0.) >>= safe_log=Nothing=Nothing (equals)
Nothing >>= safe_log=Nothing=Nothing (equals)
Just 2 >>= to_string=Just("2")=Just("2") (equals)
Just 1 >>= to_string=Nothing=Nothing (equals)
Nothing >>= to_string=Nothing=Nothing (equals)
parse (pure 1) "abc"=Just(1,"abc")=Just(1,"abc") (equals)
parse (pure 1.) "abc"=Just(1.,"abc")=Just(1.,"abc") (equals)
parse (pure "1") "abc"=Just("1","abc")=Just("1","abc") (equals)
parse (fi <$> pure 1) "abc"=Just("1","abc")=Just("1","abc") (equals)
parse (fd <$> pure 1.) "abc"=Just("1.","abc")=Just("1.","abc") (equals)
parse (fs <$> pure "1") "abc"=Just(1,"abc")=Just(1,"abc") (equals)
parse (fi <$> empty) "abc"=Nothing=Nothing (equals)
parse (fd <$> empty) "abc"=Nothing=Nothing (equals)
parse (fs <$> empty) "abc"=Nothing=Nothing (equals)
parse (pure sin <*> pure 1.) "abc"=Just(0.841470984808,"abc")=Just(0.841470984808,"abc") (equals)
parse (pure sin <*> empty) "abc"=Nothing=Nothing (equals)
parse (empty <*> pure 1.) "abc"=Nothing=Nothing (equals)
parse (empty <*> empty) "abc"=Nothing=Nothing (equals)
parse (pure 1 >>= eat) "abc"=Just("1abc","")=Just("1abc","") (equals)
parse (pure 1 >>= cancel) "abc"=Nothing=Nothing (equals)
parse (empty >>= eat) "abc"=Nothing=Nothing (equals)
parse (empty >>= cancel) "abc"=Nothing=Nothing (equals)
parse anyChar "abc"=Just('a',"bc")=Just('a',"bc") (equals)
parse anyChar ""=Nothing=Nothing (equals)
parse (satisfy (fun c -> c == 'a')) "abc"=Just('a',"bc")=Just('a',"bc") (equals)
parse (satisfy (fun c -> c == 'z')) "abc"=Nothing=Nothing (equals)
parse (char 'a') "abc"=Just('a',"bc")=Just('a',"bc") (equals)
parse (char 'z') "abc"=Nothing=Nothing (equals)
parse empty_string "abc"=Just("","abc")=Just("","abc") (equals)
parse (optional_c (char '1')) "1234"=Just("1","234")=Just("1","234") (equals)
parse (optional_c (char '1')) "abc"=Just("","abc")=Just("","abc") (equals)
parse spaces "abc"=Just("","abc")=Just("","abc") (equals)
parse spaces "  abc"=Just("  ","abc")=Just("  ","abc") (equals)
parse (symbol '+') " + abc"=Just('+',"abc")=Just('+',"abc") (equals)
parse (symbol '+') "abc"=Nothing=Nothing (equals)
parse alnum "123abc  "=Just('1',"23abc  ")=Just('1',"23abc  ") (equals)
parse alnum "_123abc  "=Just('_',"123abc  ")=Just('_',"123abc  ") (equals)
parse alnum "!@#$"=Nothing=Nothing (equals)
parse (name "sin") " sin "=Just("sin","")=Just("sin","") (equals)
parse (name "sin") " sin (1.)"=Just("sin","(1.)")=Just("sin","(1.)") (equals)
parse (name "sin") "sinabc"=Nothing=Nothing (equals)
parse sign "abc"=Just("","abc")=Just("","abc") (equals)
parse sign "+abc"=Just("+","abc")=Just("+","abc") (equals)
parse sign "-abc"=Just("-","abc")=Just("-","abc") (equals)
parse usign "abc"=Just("","abc")=Just("","abc") (equals)
parse usign " + abc"=Just("+","abc")=Just("+","abc") (equals)
parse usign " - abc"=Just("-","abc")=Just("-","abc") (equals)
parse digits "123abc"=Just("123","abc")=Just("123","abc") (equals)
parse digits "123  abc"=Just("123","  abc")=Just("123","  abc") (equals)
parse digits "abc"=Just("","abc")=Just("","abc") (equals)
parse double "1 abc"=Just(1.,"abc")=Just(1.,"abc") (equals)
parse double "1. abc"=Just(1.,"abc")=Just(1.,"abc") (equals)
parse double "1.23 abc"=Just(1.23,"abc")=Just(1.23,"abc") (equals)
parse double ".23 abc"=Just(0.23,"abc")=Just(0.23,"abc") (equals)
parse double " + 1.23 abc"=Nothing=Nothing (equals)
parse double "1.23e10abc"=Just(12300000000.,"abc")=Just(12300000000.,"abc") (equals)
parse double "1.23e-10abc"=Just(1.23e-10,"abc")=Just(1.23e-10,"abc") (equals)
parse double "abc"=Nothing=Nothing (equals)
parse (between (symbol '(') (symbol ')') double) " ( 123 ) abc"=Just(123.,"abc")=Just(123.,"abc") (equals)
parse (between (symbol '(') (symbol ')') double) " ( 123 abc"=Nothing=Nothing (equals)
parse (between (symbol '(') (symbol ')') double) " 123 ) abc"=Nothing=Nothing (equals)
parse (chainl1 double (add <||> sub) false) "7abc"=Just(7.,"abc")=Just(7.,"abc") (equals)
parse (chainl1 double (add <||> sub) false) " 7 - 1 - 2 abc"=Just(4.,"abc")=Just(4.,"abc") (equals)
parse (chainl1 double (add <||> sub) false) " 7 - 1 + 2 - 3 abc"=Just(5.,"abc")=Just(5.,"abc") (equals)
parse (chainl1 double (add <||> sub) false) "abc"=Nothing=Nothing (equals)
parse (chainr1 double pow) "3 ^ 2 ^ 3 abc"=Just(6561.,"abc")=Just(6561.,"abc") (equals)
calculate "72 - 7 - (1 - 2) * 3"=Just(68.,"")=Just(68.,"") (equals)
calculate " 7.21e-1 - 7.3 - (1.5 - 2.2) * (-3.3)"=Just(-8.889,"")=Just(-8.889,"") (equals)
calculate "3^(1+1)^3"=Just(6561.,"")=Just(6561.,"") (equals)
calculate "sin(1+1)"=Just(0.909297426826,"")=Just(0.909297426826,"") (equals)
calculate "sin ( 2_SQRTPI * sqr ( 2 ) - 1 )"=Just(-0.363408573143,"")=Just(-0.363408573143,"") (equals)
calculate "sqr(2 + 3)"=Just(25.,"")=Just(25.,"") (equals)
calculate "sin(-PI/4)"=Just(-0.707106781187,"")=Just(-0.707106781187,"") (equals)
calculate " E ^ PI"=Just(23.1406926328,"")=Just(23.1406926328,"") (equals)
calculate " PI ^ E"=Just(22.4591577184,"")=Just(22.4591577184,"") (equals)
